[INFO] Scanning for projects...
[INFO] 
[INFO] ----------------------< com.djibson:djibsonquizz >----------------------
[INFO] Building djibsonquizz 1.0.0
[INFO]   from pom.xml
[INFO] --------------------------------[ jar ]---------------------------------
[WARNING] 6 problems were encountered while building the effective model for org.openjfx:javafx-controls:jar:17.0.10 during dependency collection step for project (use -X to see details)
[INFO] 
[INFO] --- clean:3.2.0:clean (default-clean) @ djibsonquizz ---
[INFO] Deleting C:\work\app-standalone\djibson-quizz\target
[INFO] 
[INFO] --- resources:3.3.1:resources (default-resources) @ djibsonquizz ---
[INFO] skip non existing resourceDirectory C:\work\app-standalone\djibson-quizz\src\main\resources
[INFO] 
[INFO] --- compiler:3.13.0:compile (default-compile) @ djibsonquizz ---
[INFO] Recompiling the module because of changed source code.
[INFO] Compiling 27 source files with javac [debug release 17] to target\classes
[INFO] /C:/work/app-standalone/djibson-quizz/src/main/java/com/quizgame/ui/CandidatManagementController.java: Some input files use unchecked or unsafe operations.
[INFO] /C:/work/app-standalone/djibson-quizz/src/main/java/com/quizgame/ui/CandidatManagementController.java: Recompile with -Xlint:unchecked for details.
[INFO] -------------------------------------------------------------
[ERROR] COMPILATION ERROR : 
[INFO] -------------------------------------------------------------
[ERROR] /C:/work/app-standalone/djibson-quizz/src/main/java/com/quizgame/utils/FuzzyMatchService.java:[3,42] package org.apache.commons.text.similarity does not exist
[ERROR] /C:/work/app-standalone/djibson-quizz/src/main/java/com/quizgame/utils/FuzzyMatchService.java:[8,26] cannot find symbol
  symbol:   class LevenshteinDistance
  location: class com.quizgame.utils.FuzzyMatchService
[ERROR] /C:/work/app-standalone/djibson-quizz/src/main/java/com/quizgame/ui/CandidatManagementController.java:[169,20] cannot find symbol
  symbol:   variable primaryStage
  location: class com.quizgame.QuizGameApp
[ERROR] /C:/work/app-standalone/djibson-quizz/src/main/java/com/quizgame/ui/GameFlowController.java:[176,20] cannot find symbol
  symbol:   variable primaryStage
  location: class com.quizgame.QuizGameApp
[ERROR] /C:/work/app-standalone/djibson-quizz/src/main/java/com/quizgame/ui/MainMenuController.java:[104,24] cannot find symbol
  symbol:   variable primaryStage
  location: class com.quizgame.QuizGameApp
[ERROR] /C:/work/app-standalone/djibson-quizz/src/main/java/com/quizgame/ui/MainMenuController.java:[158,20] cannot find symbol
  symbol:   variable primaryStage
  location: class com.quizgame.QuizGameApp
[ERROR] /C:/work/app-standalone/djibson-quizz/src/main/java/com/quizgame/ui/MainMenuController.java:[180,28] cannot find symbol
  symbol:   variable primaryStage
  location: class com.quizgame.QuizGameApp
[ERROR] /C:/work/app-standalone/djibson-quizz/src/main/java/com/quizgame/ui/MainMenuController.java:[190,20] cannot find symbol
  symbol:   variable primaryStage
  location: class com.quizgame.QuizGameApp
[ERROR] /C:/work/app-standalone/djibson-quizz/src/main/java/com/quizgame/ui/QuestionManagementController.java:[223,20] cannot find symbol
  symbol:   variable primaryStage
  location: class com.quizgame.QuizGameApp
[ERROR] /C:/work/app-standalone/djibson-quizz/src/main/java/com/quizgame/ui/SettingsController.java:[198,20] cannot find symbol
  symbol:   variable primaryStage
  location: class com.quizgame.QuizGameApp
[ERROR] /C:/work/app-standalone/djibson-quizz/src/main/java/com/quizgame/utils/FuzzyMatchService.java:[8,64] cannot find symbol
  symbol:   class LevenshteinDistance
  location: class com.quizgame.utils.FuzzyMatchService
[INFO] 11 errors 
[INFO] -------------------------------------------------------------
[INFO] ------------------------------------------------------------------------
[INFO] BUILD FAILURE
[INFO] ------------------------------------------------------------------------
[INFO] Total time:  4.806 s
[INFO] Finished at: 2025-12-18T12:37:42+01:00
[INFO] ------------------------------------------------------------------------
[ERROR] Failed to execute goal org.apache.maven.plugins:maven-compiler-plugin:3.13.0:compile (default-compile) on project djibsonquizz: Compilation failure: Compilation failure: 
[ERROR] /C:/work/app-standalone/djibson-quizz/src/main/java/com/quizgame/utils/FuzzyMatchService.java:[3,42] package org.apache.commons.text.similarity does not exist
[ERROR] /C:/work/app-standalone/djibson-quizz/src/main/java/com/quizgame/utils/FuzzyMatchService.java:[8,26] cannot find symbol
[ERROR]   symbol:   class LevenshteinDistance
[ERROR]   location: class com.quizgame.utils.FuzzyMatchService
[ERROR] /C:/work/app-standalone/djibson-quizz/src/main/java/com/quizgame/ui/CandidatManagementController.java:[169,20] cannot find symbol
[ERROR]   symbol:   variable primaryStage
[ERROR]   location: class com.quizgame.QuizGameApp
[ERROR] /C:/work/app-standalone/djibson-quizz/src/main/java/com/quizgame/ui/GameFlowController.java:[176,20] cannot find symbol
[ERROR]   symbol:   variable primaryStage
[ERROR]   location: class com.quizgame.QuizGameApp
[ERROR] /C:/work/app-standalone/djibson-quizz/src/main/java/com/quizgame/ui/MainMenuController.java:[104,24] cannot find symbol
[ERROR]   symbol:   variable primaryStage
[ERROR]   location: class com.quizgame.QuizGameApp
[ERROR] /C:/work/app-standalone/djibson-quizz/src/main/java/com/quizgame/ui/MainMenuController.java:[158,20] cannot find symbol
[ERROR]   symbol:   variable primaryStage
[ERROR]   location: class com.quizgame.QuizGameApp
[ERROR] /C:/work/app-standalone/djibson-quizz/src/main/java/com/quizgame/ui/MainMenuController.java:[180,28] cannot find symbol
[ERROR]   symbol:   variable primaryStage
[ERROR]   location: class com.quizgame.QuizGameApp
[ERROR] /C:/work/app-standalone/djibson-quizz/src/main/java/com/quizgame/ui/MainMenuController.java:[190,20] cannot find symbol
[ERROR]   symbol:   variable primaryStage
[ERROR]   location: class com.quizgame.QuizGameApp
[ERROR] /C:/work/app-standalone/djibson-quizz/src/main/java/com/quizgame/ui/QuestionManagementController.java:[223,20] cannot find symbol
[ERROR]   symbol:   variable primaryStage
[ERROR]   location: class com.quizgame.QuizGameApp
[ERROR] /C:/work/app-standalone/djibson-quizz/src/main/java/com/quizgame/ui/SettingsController.java:[198,20] cannot find symbol
[ERROR]   symbol:   variable primaryStage
[ERROR]   location: class com.quizgame.QuizGameApp
[ERROR] /C:/work/app-standalone/djibson-quizz/src/main/java/com/quizgame/utils/FuzzyMatchService.java:[8,64] cannot find symbol
[ERROR]   symbol:   class LevenshteinDistance
[ERROR]   location: class com.quizgame.utils.FuzzyMatchService
[ERROR] -> [Help 1]
[ERROR] 
[ERROR] To see the full stack trace of the errors, re-run Maven with the -e switch.
[ERROR] Re-run Maven using the -X switch to enable full debug logging.
[ERROR] 
[ERROR] For more information about the errors and possible solutions, please read the following articles:
[ERROR] [Help 1] http://cwiki.apache.org/confluence/display/MAVEN/MojoFailureException
